
##########################
        cloud_enum
   github.com/initstring
##########################


Keywords:    sskyroute
Mutations:   /home/skyroute/capstone/capstone copy/tools/cloud_enum/enum_tools/fuzz.txt
Brute-list:  /home/skyroute/capstone/capstone copy/tools/cloud_enum/enum_tools/fuzz.txt

[+] Mutations list imported: 3 items
[+] Mutated results: 19 items

++++++++++++++++++++++++++
      amazon checks
++++++++++++++++++++++++++

[+] Checking for S3 buckets
  [1m[92mOPEN S3 BUCKET: http://sskyroute.s3.ap-northeast-2.amazonaws.com/[0m
      FILES:
      ->http://sskyroute.s3.ap-northeast-2.amazonaws.com/sskyroute
  [1m[92mOPEN S3 BUCKET: http://sskyroute-userdata.s3.ap-northeast-2.amazonaws.com/[0m
      FILES:
      ->http://sskyroute-userdata.s3.ap-northeast-2.amazonaws.com/sskyroute-userdata
    5/19 complete...
  [1m[92mOPEN S3 BUCKET: http://sskyroute-private.s3.ap-northeast-2.amazonaws.com/[0m
      FILES:
      ->http://sskyroute-private.s3.ap-northeast-2.amazonaws.com/sskyroute-private
    10/19 complete...
    15/19 complete...
  [1m[92mOPEN S3 BUCKET: http://sskyroute-test.s3.ap-northeast-2.amazonaws.com/[0m
      FILES:
      ->http://sskyroute-test.s3.ap-northeast-2.amazonaws.com/sskyroute-test
    20/19 complete...
                            
 Elapsed time: 00:00:01

[+] Checking for AWS Apps
[*] Brute-forcing a list of 19 possible DNS names
    5/19 complete...
    10/19 complete...
    15/19 complete...
    20/19 complete...
                            
 Elapsed time: 00:00:00


++++++++++++++++++++++++++
       azure checks
++++++++++++++++++++++++++

[+] Checking for Azure Storage Accounts
[*] Brute-forcing a list of 7 possible DNS names
    5/7 complete...
    10/7 complete...
                            
                            
 Elapsed time: 00:00:00

[+] Checking for Azure File Accounts
[*] Brute-forcing a list of 7 possible DNS names
    5/7 complete...
    10/7 complete...
                            
                            
 Elapsed time: 00:00:00

[+] Checking for Azure Queue Accounts
[*] Brute-forcing a list of 7 possible DNS names
    5/7 complete...
    10/7 complete...
                            
                            
 Elapsed time: 00:00:00

[+] Checking for Azure Table Accounts
[*] Brute-forcing a list of 7 possible DNS names
    5/7 complete...
    10/7 complete...
                            
                            
 Elapsed time: 00:00:00

[+] Checking for Azure App Management Accounts
[*] Brute-forcing a list of 7 possible DNS names
    5/7 complete...
    10/7 complete...
                            
                            
 Elapsed time: 00:00:00

[+] Checking for Azure Key Vault Accounts
[*] Brute-forcing a list of 7 possible DNS names
    5/7 complete...
    10/7 complete...
                            
                            
 Elapsed time: 00:00:00

[+] Checking for Azure Websites
[*] Brute-forcing a list of 19 possible DNS names
    5/19 complete...
    10/19 complete...
    15/19 complete...
    20/19 complete...
                            
 Elapsed time: 00:00:00

[+] Checking for Azure Databases
[*] Brute-forcing a list of 19 possible DNS names
    5/19 complete...
    10/19 complete...
    15/19 complete...
    20/19 complete...
                            
 Elapsed time: 00:00:00

[+] Checking for Azure Virtual Machines
[*] Testing across 1 regions defined in the config file
[*] Brute-forcing a list of 19 possible DNS names
    5/19 complete...
    10/19 complete...
    15/19 complete...
    20/19 complete...
                            
 Elapsed time: 00:00:00


++++++++++++++++++++++++++
      google checks
++++++++++++++++++++++++++

[+] Checking for Google buckets
