
##########################
        cloud_enum
   github.com/initstring
##########################


Keywords:    sskyroute
Mutations:   /home/skyroute/capstone/capstone copy/tools/cloud_enum/enum_tools/fuzz.txt
Brute-list:  /home/skyroute/capstone/capstone copy/tools/cloud_enum/enum_tools/fuzz.txt

[+] Mutations list imported: 3 items
[+] Mutated results: 19 items

++++++++++++++++++++++++++
      amazon checks
++++++++++++++++++++++++++

[+] Checking for S3 buckets
  [1m[92mOPEN S3 BUCKET: http://sskyroute.s3.ap-northeast-2.amazonaws.com/[0m
      FILES:
      ->http://sskyroute.s3.ap-northeast-2.amazonaws.com/sskyroute
  [1m[92mOPEN S3 BUCKET: http://sskyroute-userdata.s3.ap-northeast-2.amazonaws.com/[0m
      FILES:
      ->http://sskyroute-userdata.s3.ap-northeast-2.amazonaws.com/sskyroute-userdata
      ->http://sskyroute-userdata.s3.ap-northeast-2.amazonaws.com/Lecture8-1_DF_디스크이미징_미션5.pdf
      ->http://sskyroute-userdata.s3.ap-northeast-2.amazonaws.com/앵무새.jpeg
    5/19 complete...
  [1m[92mOPEN S3 BUCKET: http://sskyroute-private.s3.ap-northeast-2.amazonaws.com/[0m
      FILES:
      ->http://sskyroute-private.s3.ap-northeast-2.amazonaws.com/sskyroute-private
      ->http://sskyroute-private.s3.ap-northeast-2.amazonaws.com/강강강쥐.jpeg
      ->http://sskyroute-private.s3.ap-northeast-2.amazonaws.com/고양이.jpeg
