
##########################
        cloud_enum
   github.com/initstring
##########################


Keywords:    sskyroute
Mutations:   /home/skyroute/capstone/capstone copy/tools/cloud_enum/enum_tools/fuzz.txt
Brute-list:  /home/skyroute/capstone/capstone copy/tools/cloud_enum/enum_tools/fuzz.txt

[+] Mutations list imported: 18 items
[+] Mutated results: 109 items

++++++++++++++++++++++++++
      amazon checks
++++++++++++++++++++++++++

[+] Checking for S3 buckets
    [!] Timeout on sskyroute.s3.ap-northeast-2.amazonaws.com. Investigate if there are many of these
    [!] Timeout on sskyroute2025.s3.ap-northeast-2.amazonaws.com. Investigate if there are many of these
  [1m[33mProtected S3 Bucket: http://sskyroute-2025.s3.ap-northeast-2.amazonaws.com/[0m
    5/109 complete...
    [!] Connection error on 2025.sskyroute.s3.ap-northeast-2.amazonaws.com:
HTTPConnectionPool(host='2025.sskyroute.s3.ap-northeast-2.amazonaws.com', port=80): Max retries exceeded with url: / (Caused by NewConnectionError('<urllib3.connection.HTTPConnection object at 0x7fdfa0160520>: Failed to establish a new connection: [Errno -3] Temporary failure in name resolution'))
    [!] Connection error on 2025-sskyroute.s3.ap-northeast-2.amazonaws.com:
HTTPConnectionPool(host='2025-sskyroute.s3.ap-northeast-2.amazonaws.com', port=80): Max retries exceeded with url: / (Caused by NewConnectionError('<urllib3.connection.HTTPConnection object at 0x7fdfa0175580>: Failed to establish a new connection: [Errno -3] Temporary failure in name resolution'))
    [!] Connection error on sskyroutedata.s3.ap-northeast-2.amazonaws.com:
HTTPConnectionPool(host='sskyroutedata.s3.ap-northeast-2.amazonaws.com', port=80): Max retries exceeded with url: / (Caused by NewConnectionError('<urllib3.connection.HTTPConnection object at 0x7fdfa0175af0>: Failed to establish a new connection: [Errno -3] Temporary failure in name resolution'))
    [!] Connection error on sskyroute.data.s3.ap-northeast-2.amazonaws.com:
HTTPConnectionPool(host='sskyroute.data.s3.ap-northeast-2.amazonaws.com', port=80): Max retries exceeded with url: / (Caused by NewConnectionError('<urllib3.connection.HTTPConnection object at 0x7fdfa017a490>: Failed to establish a new connection: [Errno -3] Temporary failure in name resolution'))
    [!] Connection error on sskyroute-data.s3.ap-northeast-2.amazonaws.com:
HTTPConnectionPool(host='sskyroute-data.s3.ap-northeast-2.amazonaws.com', port=80): Max retries exceeded with url: / (Caused by NewConnectionError('<urllib3.connection.HTTPConnection object at 0x7fdfa017adf0>: Failed to establish a new connection: [Errno -3] Temporary failure in name resolution'))
    10/109 complete...
    [!] Connection error on datasskyroute.s3.ap-northeast-2.amazonaws.com:
HTTPConnectionPool(host='datasskyroute.s3.ap-northeast-2.amazonaws.com', port=80): Max retries exceeded with url: / (Caused by NewConnectionError('<urllib3.connection.HTTPConnection object at 0x7fdfa21b8820>: Failed to establish a new connection: [Errno -3] Temporary failure in name resolution'))
    [!] Connection error on data.sskyroute.s3.ap-northeast-2.amazonaws.com:
HTTPConnectionPool(host='data.sskyroute.s3.ap-northeast-2.amazonaws.com', port=80): Max retries exceeded with url: / (Caused by NewConnectionError('<urllib3.connection.HTTPConnection object at 0x7fdfa21b87f0>: Failed to establish a new connection: [Errno -3] Temporary failure in name resolution'))
    [!] Connection error on data-sskyroute.s3.ap-northeast-2.amazonaws.com:
HTTPConnectionPool(host='data-sskyroute.s3.ap-northeast-2.amazonaws.com', port=80): Max retries exceeded with url: / (Caused by NewConnectionError('<urllib3.connection.HTTPConnection object at 0x7fdfa0160130>: Failed to establish a new connection: [Errno -3] Temporary failure in name resolution'))
    [!] Connection error on sskyroutedata-private.s3.ap-northeast-2.amazonaws.com:
HTTPConnectionPool(host='sskyroutedata-private.s3.ap-northeast-2.amazonaws.com', port=80): Max retries exceeded with url: / (Caused by NewConnectionError('<urllib3.connection.HTTPConnection object at 0x7fdfa017aac0>: Failed to establish a new connection: [Errno -3] Temporary failure in name resolution'))
    [!] Connection error on sskyroute.data-private.s3.ap-northeast-2.amazonaws.com:
HTTPConnectionPool(host='sskyroute.data-private.s3.ap-northeast-2.amazonaws.com', port=80): Max retries exceeded with url: / (Caused by NewConnectionError('<urllib3.connection.HTTPConnection object at 0x7fdfa017a490>: Failed to establish a new connection: [Errno -3] Temporary failure in name resolution'))
    15/109 complete...
    [!] Connection error on sskyroute-data-private.s3.ap-northeast-2.amazonaws.com:
HTTPConnectionPool(host='sskyroute-data-private.s3.ap-northeast-2.amazonaws.com', port=80): Max retries exceeded with url: / (Caused by NewConnectionError('<urllib3.connection.HTTPConnection object at 0x7fdfa017ac10>: Failed to establish a new connection: [Errno -3] Temporary failure in name resolution'))
    [!] Connection error on data-privatesskyroute.s3.ap-northeast-2.amazonaws.com:
HTTPConnectionPool(host='data-privatesskyroute.s3.ap-northeast-2.amazonaws.com', port=80): Max retries exceeded with url: / (Caused by NewConnectionError('<urllib3.connection.HTTPConnection object at 0x7fdfa0160580>: Failed to establish a new connection: [Errno -3] Temporary failure in name resolution'))
    [!] Connection error on data-private.sskyroute.s3.ap-northeast-2.amazonaws.com:
HTTPConnectionPool(host='data-private.sskyroute.s3.ap-northeast-2.amazonaws.com', port=80): Max retries exceeded with url: / (Caused by NewConnectionError('<urllib3.connection.HTTPConnection object at 0x7fdfa0160e20>: Failed to establish a new connection: [Errno -3] Temporary failure in name resolution'))
    [!] Connection error on data-private-sskyroute.s3.ap-northeast-2.amazonaws.com:
HTTPConnectionPool(host='data-private-sskyroute.s3.ap-northeast-2.amazonaws.com', port=80): Max retries exceeded with url: / (Caused by NewConnectionError('<urllib3.connection.HTTPConnection object at 0x7fdfa0175700>: Failed to establish a new connection: [Errno -3] Temporary failure in name resolution'))
    [!] Connection error on sskyroutedata-public.s3.ap-northeast-2.amazonaws.com:
HTTPConnectionPool(host='sskyroutedata-public.s3.ap-northeast-2.amazonaws.com', port=80): Max retries exceeded with url: / (Caused by NewConnectionError('<urllib3.connection.HTTPConnection object at 0x7fdfa01757f0>: Failed to establish a new connection: [Errno -3] Temporary failure in name resolution'))
    20/109 complete...
    [!] Connection error on sskyroute.data-public.s3.ap-northeast-2.amazonaws.com:
HTTPConnectionPool(host='sskyroute.data-public.s3.ap-northeast-2.amazonaws.com', port=80): Max retries exceeded with url: / (Caused by NewConnectionError('<urllib3.connection.HTTPConnection object at 0x7fdfa0160820>: Failed to establish a new connection: [Errno -3] Temporary failure in name resolution'))
    [!] Connection error on sskyroute-data-public.s3.ap-northeast-2.amazonaws.com:
HTTPConnectionPool(host='sskyroute-data-public.s3.ap-northeast-2.amazonaws.com', port=80): Max retries exceeded with url: / (Caused by NewConnectionError('<urllib3.connection.HTTPConnection object at 0x7fdfa0175c70>: Failed to establish a new connection: [Errno -3] Temporary failure in name resolution'))
    [!] Connection error on data-publicsskyroute.s3.ap-northeast-2.amazonaws.com:
HTTPConnectionPool(host='data-publicsskyroute.s3.ap-northeast-2.amazonaws.com', port=80): Max retries exceeded with url: / (Caused by NewConnectionError('<urllib3.connection.HTTPConnection object at 0x7fdfa01757c0>: Failed to establish a new connection: [Errno -3] Temporary failure in name resolution'))
    [!] Connection error on data-public.sskyroute.s3.ap-northeast-2.amazonaws.com:
HTTPConnectionPool(host='data-public.sskyroute.s3.ap-northeast-2.amazonaws.com', port=80): Max retries exceeded with url: / (Caused by NewConnectionError('<urllib3.connection.HTTPConnection object at 0x7fdfa0175550>: Failed to establish a new connection: [Errno -3] Temporary failure in name resolution'))
